// Jest Snapshot v1, https://goo.gl/fbAQLP

exports[`Container when props are undefined Should match snapshot 1`] = `
.c0 {
  width: 100%;
  height: 50px;
  background: #3f51b5;
  display: -webkit-box;
  display: -webkit-flex;
  display: -ms-flexbox;
  display: flex;
  -webkit-align-items: center;
  -webkit-box-align: center;
  -ms-flex-align: center;
  align-items: center;
  padding: 0 20px 0 20px;
}

<div
  className="c0"
/>
`;
